************* Module pygsti._version
C:  1, 0: Missing module docstring (missing-docstring)
************* Module pygsti.report.html
C:  1, 0: Missing module docstring (missing-docstring)
C:177, 4: Missing function docstring (missing-docstring)
************* Module pygsti.report.tableformat
C:  1, 0: Missing module docstring (missing-docstring)
C:264, 0: Missing function docstring (missing-docstring)
************* Module pygsti.report.table
C:  1, 0: Missing module docstring (missing-docstring)
C:  5, 0: Missing class docstring (missing-docstring)
C: 18, 4: Missing method docstring (missing-docstring)
C: 21, 4: Missing method docstring (missing-docstring)
C: 24, 4: Missing method docstring (missing-docstring)
C:142, 8: Missing function docstring (missing-docstring)
C:144, 8: Missing function docstring (missing-docstring)
C:146, 8: Missing function docstring (missing-docstring)
C:211, 4: Missing method docstring (missing-docstring)
C:214, 4: Missing method docstring (missing-docstring)
C:233, 4: Missing method docstring (missing-docstring)
C:253, 4: Missing method docstring (missing-docstring)
C:257, 4: Missing method docstring (missing-docstring)
C:261, 4: Missing method docstring (missing-docstring)
C:265, 4: Missing method docstring (missing-docstring)
************* Module pygsti.report.reportables
C:  1, 0: Missing module docstring (missing-docstring)
C:312, 4: Missing function docstring (missing-docstring)
C:315, 4: Missing function docstring (missing-docstring)
C:320, 4: Missing function docstring (missing-docstring)
C:324, 4: Missing function docstring (missing-docstring)
C:328, 4: Missing function docstring (missing-docstring)
C:332, 4: Missing function docstring (missing-docstring)
C:336, 4: Missing function docstring (missing-docstring)
C:341, 4: Missing function docstring (missing-docstring)
C:346, 4: Missing function docstring (missing-docstring)
C:351, 4: Missing function docstring (missing-docstring)
C:355, 4: Missing function docstring (missing-docstring)
C:359, 4: Missing function docstring (missing-docstring)
C:365, 4: Missing function docstring (missing-docstring)
C:370, 4: Missing function docstring (missing-docstring)
C:377, 4: Missing function docstring (missing-docstring)
C:700,12: Missing function docstring (missing-docstring)
C:716,12: Missing function docstring (missing-docstring)
C:736,12: Missing function docstring (missing-docstring)
C:743,12: Missing function docstring (missing-docstring)
C:751,12: Missing function docstring (missing-docstring)
C:764,12: Missing function docstring (missing-docstring)
C:790,12: Missing function docstring (missing-docstring)
C:806,12: Missing function docstring (missing-docstring)
C:821,12: Missing function docstring (missing-docstring)
C:837,12: Missing function docstring (missing-docstring)
C:852,12: Missing function docstring (missing-docstring)
************* Module pygsti.report.results
C:  1, 0: Missing module docstring (missing-docstring)
C:328, 8: Missing function docstring (missing-docstring)
C:330, 8: Missing function docstring (missing-docstring)
C:332, 8: Missing function docstring (missing-docstring)
C:336, 8: Missing function docstring (missing-docstring)
C:341, 8: Missing function docstring (missing-docstring)
C:346, 8: Missing function docstring (missing-docstring)
C:352, 8: Missing function docstring (missing-docstring)
C:358, 8: Missing function docstring (missing-docstring)
C:366, 8: Missing function docstring (missing-docstring)
C:378, 8: Missing function docstring (missing-docstring)
C:387, 8: Missing function docstring (missing-docstring)
C:394, 8: Missing function docstring (missing-docstring)
C:401, 8: Missing function docstring (missing-docstring)
C:408, 8: Missing function docstring (missing-docstring)
C:416, 8: Missing function docstring (missing-docstring)
C:422, 8: Missing function docstring (missing-docstring)
C:428, 8: Missing function docstring (missing-docstring)
C:434, 8: Missing function docstring (missing-docstring)
C:440, 8: Missing function docstring (missing-docstring)
C:446, 8: Missing function docstring (missing-docstring)
C:452, 8: Missing function docstring (missing-docstring)
C:458, 8: Missing function docstring (missing-docstring)
C:464, 8: Missing function docstring (missing-docstring)
C:470, 8: Missing function docstring (missing-docstring)
C:476, 8: Missing function docstring (missing-docstring)
C:482, 8: Missing function docstring (missing-docstring)
C:489, 8: Missing function docstring (missing-docstring)
C:496, 8: Missing function docstring (missing-docstring)
C:506, 8: Missing function docstring (missing-docstring)
C:514, 8: Missing function docstring (missing-docstring)
C:522, 8: Missing function docstring (missing-docstring)
C:540, 8: Missing function docstring (missing-docstring)
C:546, 8: Missing function docstring (missing-docstring)
C:552, 8: Missing function docstring (missing-docstring)
C:558, 8: Missing function docstring (missing-docstring)
C:564, 8: Missing function docstring (missing-docstring)
C:583, 8: Missing function docstring (missing-docstring)
C:589, 8: Missing function docstring (missing-docstring)
C:595, 8: Missing function docstring (missing-docstring)
C:601, 8: Missing function docstring (missing-docstring)
C:609, 8: Missing function docstring (missing-docstring)
C:627, 8: Missing function docstring (missing-docstring)
C:635, 8: Missing function docstring (missing-docstring)
C:642, 8: Missing function docstring (missing-docstring)
C:654, 8: Missing function docstring (missing-docstring)
C:666, 8: Missing function docstring (missing-docstring)
C:682, 8: Missing function docstring (missing-docstring)
C:692, 8: Missing function docstring (missing-docstring)
C:702, 8: Missing function docstring (missing-docstring)
C:710, 8: Missing function docstring (missing-docstring)
C:719, 8: Missing function docstring (missing-docstring)
C:731, 8: Missing function docstring (missing-docstring)
C:744, 8: Missing function docstring (missing-docstring)
C:754, 8: Missing function docstring (missing-docstring)
C:765, 8: Missing function docstring (missing-docstring)
C:778, 8: Missing function docstring (missing-docstring)
C:791, 8: Missing function docstring (missing-docstring)
C:806, 8: Missing function docstring (missing-docstring)
C:819, 8: Missing function docstring (missing-docstring)
C:834, 8: Missing function docstring (missing-docstring)
C:847, 8: Missing function docstring (missing-docstring)
C:858, 8: Missing function docstring (missing-docstring)
C:867, 8: Missing function docstring (missing-docstring)
C:877, 8: Missing function docstring (missing-docstring)
C:886, 8: Missing function docstring (missing-docstring)
C:897, 8: Missing function docstring (missing-docstring)
C:908, 8: Missing function docstring (missing-docstring)
C:928, 8: Missing function docstring (missing-docstring)
C:930, 8: Missing function docstring (missing-docstring)
C:941, 8: Missing function docstring (missing-docstring)
C:985, 8: Missing function docstring (missing-docstring)
C:1024, 8: Missing function docstring (missing-docstring)
C:1052, 8: Missing function docstring (missing-docstring)
C:1075, 8: Missing function docstring (missing-docstring)
C:1115, 8: Missing function docstring (missing-docstring)
C:1444,12: Missing function docstring (missing-docstring)
C:1451,12: Missing function docstring (missing-docstring)
C:1610, 8: Missing function docstring (missing-docstring)
C:1616, 8: Missing function docstring (missing-docstring)
C:1929,12: Missing function docstring (missing-docstring)
C:1934,12: Missing function docstring (missing-docstring)
C:2223, 8: Missing function docstring (missing-docstring)
C:2353, 8: Missing function docstring (missing-docstring)
C:2359, 8: Missing function docstring (missing-docstring)
C:2658, 8: Missing function docstring (missing-docstring)
C:2774, 8: Missing function docstring (missing-docstring)
C:2777, 8: Missing function docstring (missing-docstring)
C:2934, 8: Missing function docstring (missing-docstring)
C:2939,12: Missing function docstring (missing-docstring)
C:3017, 8: Missing function docstring (missing-docstring)
C:3046, 8: Missing function docstring (missing-docstring)
C:3059, 8: Missing function docstring (missing-docstring)
C:3065, 8: Missing function docstring (missing-docstring)
C:3068, 8: Missing function docstring (missing-docstring)
C:3246,12: Missing function docstring (missing-docstring)
C:3253,12: Missing function docstring (missing-docstring)
C:3416, 8: Missing function docstring (missing-docstring)
C:3422, 8: Missing function docstring (missing-docstring)
C:3785, 4: Missing method docstring (missing-docstring)
C:3808, 4: Missing function docstring (missing-docstring)
C:3820, 4: Missing function docstring (missing-docstring)
C:3826, 4: Missing function docstring (missing-docstring)
************* Module pygsti.report.generation
C:  1, 0: Missing module docstring (missing-docstring)
************* Module pygsti.report
C:  1, 0: Missing module docstring (missing-docstring)
************* Module pygsti.report.latex
C:  1, 0: Missing module docstring (missing-docstring)
C:168, 4: Missing function docstring (missing-docstring)
************* Module pygsti.report.resultcache
C:  1, 0: Missing module docstring (missing-docstring)
C: 14, 0: Missing class docstring (missing-docstring)
************* Module pygsti.report.plotting
C:  1, 0: Missing module docstring (missing-docstring)
C:330, 0: Missing class docstring (missing-docstring)
C:633, 4: Missing method docstring (missing-docstring)
C:645, 4: Missing method docstring (missing-docstring)
C:795, 8: Missing function docstring (missing-docstring)
C:1084, 4: Missing function docstring (missing-docstring)
C:1096, 4: Missing function docstring (missing-docstring)
C:1239, 4: Missing function docstring (missing-docstring)
C:1375, 4: Missing function docstring (missing-docstring)
C:1480, 4: Missing function docstring (missing-docstring)
C:1552, 4: Missing function docstring (missing-docstring)
C:1639, 4: Missing function docstring (missing-docstring)
C:2344, 4: Missing function docstring (missing-docstring)
C:2505, 4: Missing function docstring (missing-docstring)
C:2620, 4: Missing function docstring (missing-docstring)
C:2745, 4: Missing function docstring (missing-docstring)
C:2925, 4: Missing function docstring (missing-docstring)
C:3106, 4: Missing function docstring (missing-docstring)
C:3219, 4: Missing function docstring (missing-docstring)
************* Module pygsti.report.figure
C:  1, 0: Missing module docstring (missing-docstring)
C: 32, 4: Missing method docstring (missing-docstring)
C: 53, 4: Missing method docstring (missing-docstring)
C: 56, 4: Missing method docstring (missing-docstring)
C: 59, 4: Missing method docstring (missing-docstring)
************* Module pygsti.report.ppt
C:  1, 0: Missing module docstring (missing-docstring)
C:161, 4: Missing function docstring (missing-docstring)
************* Module pygsti.optimize.customcg
C:  1, 0: Missing module docstring (missing-docstring)
************* Module pygsti.optimize.optimize
C:  1, 0: Missing module docstring (missing-docstring)
C: 93, 8: Missing function docstring (missing-docstring)
C: 97,12: Missing function docstring (missing-docstring)
C:113, 8: Missing function docstring (missing-docstring)
C:375, 4: Missing class docstring (missing-docstring)
C:563, 4: Missing function docstring (missing-docstring)
C:734, 4: Missing function docstring (missing-docstring)
************* Module pygsti.optimize
C:  1, 0: Missing module docstring (missing-docstring)
************* Module pygsti.drivers.bootstrap
C:  1, 0: Missing module docstring (missing-docstring)
C:337, 0: Missing function docstring (missing-docstring)
C:340, 0: Missing function docstring (missing-docstring)
C:344, 0: Missing function docstring (missing-docstring)
C:347, 0: Missing function docstring (missing-docstring)
C:350, 0: Missing function docstring (missing-docstring)
C:353, 0: Missing function docstring (missing-docstring)
C:362, 0: Missing function docstring (missing-docstring)
C:371, 0: Missing function docstring (missing-docstring)
C:380, 0: Missing function docstring (missing-docstring)
C:387, 0: Missing function docstring (missing-docstring)
C:393, 0: Missing function docstring (missing-docstring)
C:399, 0: Missing function docstring (missing-docstring)
C:405, 0: Missing function docstring (missing-docstring)
C:417, 0: Missing function docstring (missing-docstring)
C:423, 0: Missing function docstring (missing-docstring)
************* Module pygsti.drivers
C:  1, 0: Missing module docstring (missing-docstring)
************* Module pygsti.drivers.longsequence
C:  1, 0: Missing module docstring (missing-docstring)
************* Module pygsti.io.loaders
C:  1, 0: Missing module docstring (missing-docstring)
************* Module pygsti.io.outputdata
C:  1, 0: Missing module docstring (missing-docstring)
************* Module pygsti.io
C:  1, 0: Missing module docstring (missing-docstring)
************* Module pygsti.io.stdinput
C:  1, 0: Missing module docstring (missing-docstring)
C: 50, 8: Missing function docstring (missing-docstring)
C: 52, 8: Missing function docstring (missing-docstring)
C: 54, 8: Missing function docstring (missing-docstring)
C:344, 8: Missing function docstring (missing-docstring)
C:352,16: Missing function docstring (missing-docstring)
C:357,16: Missing function docstring (missing-docstring)
C:359,12: Missing function docstring (missing-docstring)
C:484, 8: Missing function docstring (missing-docstring)
C:492,16: Missing function docstring (missing-docstring)
C:497,16: Missing function docstring (missing-docstring)
C:499,12: Missing function docstring (missing-docstring)
C:610, 4: Missing function docstring (missing-docstring)
************* Module pygsti.io.writers
C:  1, 0: Missing module docstring (missing-docstring)
************* Module pygsti.algorithms.fiducialpairreduction
C:  1, 0: Missing module docstring (missing-docstring)
C: 22, 0: Missing function docstring (missing-docstring)
C: 39, 4: Missing function docstring (missing-docstring)
C: 73, 4: Missing function docstring (missing-docstring)
C:150,12: Missing function docstring (missing-docstring)
************* Module pygsti.algorithms
C:  1, 0: Missing module docstring (missing-docstring)
************* Module pygsti.algorithms.grammatrix
C:  1, 0: Missing module docstring (missing-docstring)
C: 48, 4: Missing function docstring (missing-docstring)
************* Module pygsti.algorithms.fiducialselection
C:  1, 0: Missing module docstring (missing-docstring)
C:167, 8: Missing function docstring (missing-docstring)
C:170, 8: Missing function docstring (missing-docstring)
C:367, 8: Missing function docstring (missing-docstring)
C:370, 8: Missing function docstring (missing-docstring)
C:401, 4: Missing function docstring (missing-docstring)
C:493, 4: Missing function docstring (missing-docstring)
************* Module pygsti.algorithms.core
C:  1, 0: Missing module docstring (missing-docstring)
C:558,12: Missing function docstring (missing-docstring)
C:565,12: Missing function docstring (missing-docstring)
C:574, 8: Missing function docstring (missing-docstring)
C:607,12: Missing function docstring (missing-docstring)
C:614,12: Missing function docstring (missing-docstring)
C:626, 8: Missing function docstring (missing-docstring)
C:1063, 8: Missing function docstring (missing-docstring)
C:1065, 8: Missing function docstring (missing-docstring)
C:1068, 8: Missing function docstring (missing-docstring)
C:1071, 8: Missing function docstring (missing-docstring)
C:1084,16: Missing function docstring (missing-docstring)
C:1094,16: Missing function docstring (missing-docstring)
C:1105,12: Missing function docstring (missing-docstring)
C:1126,16: Missing function docstring (missing-docstring)
C:1144,16: Missing function docstring (missing-docstring)
C:1160,12: Missing function docstring (missing-docstring)
C:2046, 8: Missing function docstring (missing-docstring)
C:2067, 8: Missing function docstring (missing-docstring)
C:2111, 8: Missing function docstring (missing-docstring)
C:2131, 8: Missing function docstring (missing-docstring)
C:2566, 8: Missing function docstring (missing-docstring)
C:2631, 8: Missing function docstring (missing-docstring)
C:2667, 8: Missing function docstring (missing-docstring)
C:2689, 8: Missing function docstring (missing-docstring)
C:2721, 8: Missing function docstring (missing-docstring)
C:2745, 8: Missing function docstring (missing-docstring)
C:2940, 4: Missing function docstring (missing-docstring)
C:2974, 4: Missing function docstring (missing-docstring)
C:3257, 4: Missing function docstring (missing-docstring)
C:3272, 4: Missing function docstring (missing-docstring)
************* Module pygsti.algorithms.germselection
C:  1, 0: Missing module docstring (missing-docstring)
C:385, 4: Missing function docstring (missing-docstring)
************* Module pygsti.construction.qutrit
C:  1, 0: Missing module docstring (missing-docstring)
C: 27, 0: Missing function docstring (missing-docstring)
C: 32, 0: Missing function docstring (missing-docstring)
C: 37, 0: Missing function docstring (missing-docstring)
C: 59, 0: Missing function docstring (missing-docstring)
C: 65, 0: Missing function docstring (missing-docstring)
C: 68, 0: Missing function docstring (missing-docstring)
C: 71, 0: Missing function docstring (missing-docstring)
C: 81, 0: Missing function docstring (missing-docstring)
************* Module pygsti.construction.spamspecconstruction
C:  1, 0: Missing module docstring (missing-docstring)
************* Module pygsti.construction.gatestringconstruction
C:  1, 0: Missing module docstring (missing-docstring)
C:312, 0: Missing function docstring (missing-docstring)
C:315, 4: Missing function docstring (missing-docstring)
C:319, 4: Missing function docstring (missing-docstring)
C:455, 4: Missing function docstring (missing-docstring)
************* Module pygsti.construction.std1Q_XYI
C:  1, 0: Missing module docstring (missing-docstring)
************* Module pygsti.construction.rpeconstruction
C:  1, 0: Missing module docstring (missing-docstring)
************* Module pygsti.construction.gatesetconstruction
C:  1, 0: Missing module docstring (missing-docstring)
C:474, 4: Missing function docstring (missing-docstring)
C:480, 4: Missing function docstring (missing-docstring)
C:543, 4: Missing function docstring (missing-docstring)
************* Module pygsti.construction.std1Q_XY
C:  1, 0: Missing module docstring (missing-docstring)
************* Module pygsti.construction.std1Q_XZ
C:  1, 0: Missing module docstring (missing-docstring)
************* Module pygsti.construction
C:  1, 0: Missing module docstring (missing-docstring)
************* Module pygsti.construction.stdlists
C:  1, 0: Missing module docstring (missing-docstring)
C:338, 8: Missing function docstring (missing-docstring)
************* Module pygsti.construction.datasetconstruction
C:  1, 0: Missing module docstring (missing-docstring)
************* Module pygsti.construction.std2Q_XYCNOT
C:  1, 0: Missing module docstring (missing-docstring)
************* Module pygsti.construction.std1Q_pi4_pi2_XZ
C:  1, 0: Missing module docstring (missing-docstring)
************* Module pygsti.construction.std1Q_ZN
C:  1, 0: Missing module docstring (missing-docstring)
************* Module pygsti.tools.rpetools
C:  1, 0: Missing module docstring (missing-docstring)
************* Module pygsti.tools.rbtools
C:  1, 0: Missing module docstring (missing-docstring)
************* Module pygsti.tools.basistools
C:  1, 0: Missing module docstring (missing-docstring)
C:288,12: Missing function docstring (missing-docstring)
C:777, 4: Missing function docstring (missing-docstring)
************* Module pygsti.tools.chi2fns
C:  1, 0: Missing module docstring (missing-docstring)
************* Module pygsti.tools
C:  1, 0: Missing module docstring (missing-docstring)
************* Module pygsti.tools.gatetools
C:  1, 0: Missing module docstring (missing-docstring)
************* Module pygsti.tools.likelihoodfns
C:  1, 0: Missing module docstring (missing-docstring)
C:583, 8: Missing function docstring (missing-docstring)
C:610, 8: Missing function docstring (missing-docstring)
************* Module pygsti.tools.matrixtools
C:  1, 0: Missing module docstring (missing-docstring)
************* Module pygsti.tools.jamiolkowski
C:  1, 0: Missing module docstring (missing-docstring)
************* Module pygsti.tools.listtools
C:  1, 0: Missing module docstring (missing-docstring)
************* Module pygsti.objects.spamspec
C:  1, 0: Missing module docstring (missing-docstring)
************* Module pygsti.objects.gateset
C:  1, 0: Missing module docstring (missing-docstring)
C:108, 4: Missing method docstring (missing-docstring)
C:771, 8: Missing function docstring (missing-docstring)
************* Module pygsti.objects.dataset
C:  1, 0: Missing module docstring (missing-docstring)
C:612, 8: Missing function docstring (missing-docstring)
************* Module pygsti.objects.gate
C:  1, 0: Missing module docstring (missing-docstring)
C: 50, 4: Missing function docstring (missing-docstring)
C:792, 0: Missing class docstring (missing-docstring)
C:797, 4: Missing method docstring (missing-docstring)
C:989, 4: Missing method docstring (missing-docstring)
************* Module pygsti.objects.gigateset
C:  1, 0: Missing module docstring (missing-docstring)
C:176, 4: Missing method docstring (missing-docstring)
C:189, 4: Missing method docstring (missing-docstring)
C:196, 4: Missing method docstring (missing-docstring)
C:199, 4: Missing method docstring (missing-docstring)
C:202, 4: Missing method docstring (missing-docstring)
C:298, 4: Missing function docstring (missing-docstring)
C:587, 4: Missing function docstring (missing-docstring)
C:589, 4: Missing function docstring (missing-docstring)
C:591, 4: Missing function docstring (missing-docstring)
C:862, 4: Missing function docstring (missing-docstring)
C:864, 4: Missing function docstring (missing-docstring)
C:867, 4: Missing function docstring (missing-docstring)
************* Module pygsti.objects.confidenceregion
C:  1, 0: Missing module docstring (missing-docstring)
C:664, 4: Missing function docstring (missing-docstring)
************* Module pygsti.objects.protectedarray
C:  1, 0: Missing module docstring (missing-docstring)
************* Module pygsti.objects
C:  1, 0: Missing module docstring (missing-docstring)
************* Module pygsti.objects.gatestring
C:  1, 0: Missing module docstring (missing-docstring)
************* Module pygsti.objects.gscalc
C:  1, 0: Missing module docstring (missing-docstring)
C:1098, 8: Missing function docstring (missing-docstring)
C:1447,12: Missing function docstring (missing-docstring)
C:1452,12: Missing function docstring (missing-docstring)
C:2236,12: Missing function docstring (missing-docstring)
C:2368,12: Missing function docstring (missing-docstring)
C:2423,16: Missing function docstring (missing-docstring)
C:2580,12: Missing function docstring (missing-docstring)
C:2640,16: Missing function docstring (missing-docstring)
C:3221, 8: Missing function docstring (missing-docstring)
C:3234, 8: Missing function docstring (missing-docstring)
************* Module pygsti.objects.evaltree
C:  1, 0: Missing module docstring (missing-docstring)
************* Module pygsti.objects.verbosityprinter
C:  1, 0: Missing module docstring (missing-docstring)
C: 74, 0: Missing class docstring (missing-docstring)
C:104, 4: Missing method docstring (missing-docstring)
C:110, 4: Missing method docstring (missing-docstring)
C:143, 4: Missing method docstring (missing-docstring)
C:147, 4: Missing method docstring (missing-docstring)
C:154, 4: Missing method docstring (missing-docstring)
C:186, 4: Missing method docstring (missing-docstring)
************* Module pygsti.objects.multidataset
C:  1, 0: Missing module docstring (missing-docstring)
C:360, 8: Missing function docstring (missing-docstring)
************* Module pygsti.objects.spamvec
C:  1, 0: Missing module docstring (missing-docstring)
************* Module pygsti.objects.exceptions
C:  1, 0: Missing module docstring (missing-docstring)
************* Module pygsti.objects.labeldicts
C:  1, 0: Missing module docstring (missing-docstring)
C: 14, 0: Missing class docstring (missing-docstring)
C: 33, 0: Missing class docstring (missing-docstring)
C:114, 0: Missing class docstring (missing-docstring)
C:199, 0: Missing class docstring (missing-docstring)