************* Module pygsti.report.tableformat
W:248,15: Unused variable 'W' (unused-variable)
W:248, 9: Unused variable 'name' (unused-variable)
W:248,18: Unused variable 'H' (unused-variable)
W:250,16: Unused argument 'figInfo' (unused-argument)
************* Module pygsti.report.table
W:150, 8: Unused variable 'data' (unused-variable)
W:175,29: Unused variable 'rowFormatters' (unused-variable)
W:158,17: Unused variable 'f' (unused-variable)
W:193,21: Unused variable 'formatters' (unused-variable)
W:218,25: Unused variable 'formatters' (unused-variable)
************* Module pygsti.report.reportables
W:352,13: Unused variable 'ubGateMx' (unused-variable)
W:367, 8: Unused variable 'closestUJMx' (unused-variable)
W:568,13: Unused variable 'i' (unused-variable)
************* Module pygsti.report.results
W:341,15: Unused argument 'key' (unused-argument)
W:341,37: Unused argument 'vb' (unused-argument)
W:341,20: Unused argument 'confidenceLevel' (unused-argument)
W:346,15: Unused argument 'key' (unused-argument)
W:346,37: Unused argument 'vb' (unused-argument)
W:347,19: Unused variable 'gsBest' (unused-variable)
W:346,20: Unused argument 'confidenceLevel' (unused-argument)
W:352,15: Unused argument 'key' (unused-argument)
W:352,37: Unused argument 'vb' (unused-argument)
W:353,19: Unused variable 'gsBest' (unused-variable)
W:352,20: Unused argument 'confidenceLevel' (unused-argument)
W:358,15: Unused argument 'key' (unused-argument)
W:358,37: Unused argument 'vb' (unused-argument)
W:359,19: Unused variable 'gsBest' (unused-variable)
W:358,20: Unused argument 'confidenceLevel' (unused-argument)
W:366,37: Unused argument 'vb' (unused-argument)
W:366,20: Unused argument 'confidenceLevel' (unused-argument)
W:366,15: Unused argument 'key' (unused-argument)
W:369,19: Unused variable 'gsBest' (unused-variable)
W:378,37: Unused argument 'vb' (unused-argument)
W:378,20: Unused argument 'confidenceLevel' (unused-argument)
W:378,15: Unused argument 'key' (unused-argument)
W:379,12: Unused variable 'gsTgt' (unused-variable)
W:379,19: Unused variable 'gsBest' (unused-variable)
W:387,15: Unused argument 'key' (unused-argument)
W:387,37: Unused argument 'vb' (unused-argument)
W:388,12: Unused variable 'gsTgt' (unused-variable)
W:388,19: Unused variable 'gsBest' (unused-variable)
W:387,20: Unused argument 'confidenceLevel' (unused-argument)
W:394,15: Unused argument 'key' (unused-argument)
W:394,37: Unused argument 'vb' (unused-argument)
W:395,12: Unused variable 'gsTgt' (unused-variable)
W:395,19: Unused variable 'gsBest' (unused-variable)
W:394,20: Unused argument 'confidenceLevel' (unused-argument)
W:401,15: Unused argument 'key' (unused-argument)
W:401,37: Unused argument 'vb' (unused-argument)
W:402,12: Unused variable 'gsTgt' (unused-variable)
W:402,19: Unused variable 'gsBest' (unused-variable)
W:401,20: Unused argument 'confidenceLevel' (unused-argument)
W:408,15: Unused argument 'key' (unused-argument)
W:408,37: Unused argument 'vb' (unused-argument)
W:409,12: Unused variable 'gsTgt' (unused-variable)
W:409,19: Unused variable 'gsBest' (unused-variable)
W:408,20: Unused argument 'confidenceLevel' (unused-argument)
W:416,37: Unused argument 'vb' (unused-argument)
W:416,15: Unused argument 'key' (unused-argument)
W:417,12: Unused variable 'gsTgt' (unused-variable)
W:422,37: Unused argument 'vb' (unused-argument)
W:422,15: Unused argument 'key' (unused-argument)
W:423,12: Unused variable 'gsTgt' (unused-variable)
W:428,37: Unused argument 'vb' (unused-argument)
W:428,15: Unused argument 'key' (unused-argument)
W:429,12: Unused variable 'gsTgt' (unused-variable)
W:434,37: Unused argument 'vb' (unused-argument)
W:434,15: Unused argument 'key' (unused-argument)
W:435,12: Unused variable 'gsTgt' (unused-variable)
W:440,37: Unused argument 'vb' (unused-argument)
W:440,15: Unused argument 'key' (unused-argument)
W:441,12: Unused variable 'gsTgt' (unused-variable)
W:446,37: Unused argument 'vb' (unused-argument)
W:446,15: Unused argument 'key' (unused-argument)
W:447,12: Unused variable 'gsTgt' (unused-variable)
W:452,37: Unused argument 'vb' (unused-argument)
W:452,15: Unused argument 'key' (unused-argument)
W:453,12: Unused variable 'gsTgt' (unused-variable)
W:458,37: Unused argument 'vb' (unused-argument)
W:458,15: Unused argument 'key' (unused-argument)
W:464,15: Unused argument 'key' (unused-argument)
W:464,37: Unused argument 'vb' (unused-argument)
W:465,12: Unused variable 'gsTgt' (unused-variable)
W:464,20: Unused argument 'confidenceLevel' (unused-argument)
W:470,37: Unused argument 'vb' (unused-argument)
W:470,15: Unused argument 'key' (unused-argument)
W:476,37: Unused argument 'vb' (unused-argument)
W:476,15: Unused argument 'key' (unused-argument)
W:482,37: Unused argument 'vb' (unused-argument)
W:482,15: Unused argument 'key' (unused-argument)
W:489,37: Unused argument 'vb' (unused-argument)
W:489,15: Unused argument 'key' (unused-argument)
W:496,37: Unused argument 'vb' (unused-argument)
W:496,15: Unused argument 'key' (unused-argument)
W:498,12: Unused variable 'cri' (unused-variable)
W:497,12: Unused variable 'gsTgt' (unused-variable)
W:497,19: Unused variable 'gsBest' (unused-variable)
W:506,15: Unused argument 'key' (unused-argument)
W:506,37: Unused argument 'vb' (unused-argument)
W:507,12: Unused variable 'gsTgt' (unused-variable)
W:507,19: Unused variable 'gsBest' (unused-variable)
W:506,20: Unused argument 'confidenceLevel' (unused-argument)
W:514,15: Unused argument 'key' (unused-argument)
W:514,37: Unused argument 'vb' (unused-argument)
W:515,12: Unused variable 'gsTgt' (unused-variable)
W:515,19: Unused variable 'gsBest' (unused-variable)
W:514,20: Unused argument 'confidenceLevel' (unused-argument)
W:522,15: Unused argument 'key' (unused-argument)
W:522,37: Unused argument 'vb' (unused-argument)
W:523,12: Unused variable 'gsTgt' (unused-variable)
W:523,19: Unused variable 'gsBest' (unused-variable)
W:522,20: Unused argument 'confidenceLevel' (unused-argument)
W:540,15: Unused argument 'key' (unused-argument)
W:540,37: Unused argument 'vb' (unused-argument)
W:541,19: Unused variable 'gsBest' (unused-variable)
W:540,20: Unused argument 'confidenceLevel' (unused-argument)
W:546,15: Unused argument 'key' (unused-argument)
W:546,37: Unused argument 'vb' (unused-argument)
W:546,20: Unused argument 'confidenceLevel' (unused-argument)
W:552,15: Unused argument 'key' (unused-argument)
W:552,37: Unused argument 'vb' (unused-argument)
W:552,20: Unused argument 'confidenceLevel' (unused-argument)
W:558,15: Unused argument 'key' (unused-argument)
W:558,37: Unused argument 'vb' (unused-argument)
W:558,20: Unused argument 'confidenceLevel' (unused-argument)
W:564,37: Unused argument 'vb' (unused-argument)
W:564,15: Unused argument 'key' (unused-argument)
W:565,12: Unused variable 'gsTgt' (unused-variable)
W:635,15: Unused argument 'key' (unused-argument)
W:635,37: Unused argument 'vb' (unused-argument)
W:642,37: Unused argument 'vb' (unused-argument)
W:642,15: Unused argument 'key' (unused-argument)
W:645,37: Unused variable 'm' (unused-variable)
W:645,39: Unused variable 'M' (unused-variable)
W:654,37: Unused argument 'vb' (unused-argument)
W:654,15: Unused argument 'key' (unused-argument)
W:657,37: Unused variable 'm' (unused-variable)
W:657,39: Unused variable 'M' (unused-variable)
W:666,37: Unused argument 'vb' (unused-argument)
W:666,15: Unused argument 'key' (unused-argument)
W:669,37: Unused variable 'm' (unused-variable)
W:669,39: Unused variable 'M' (unused-variable)
W:670,12: Unused variable 'sumScale' (unused-variable)
W:685,21: Unused variable 'gsBest' (unused-variable)
W:682,37: Unused argument 'vb' (unused-argument)
W:685,37: Unused variable 'm' (unused-variable)
W:685,39: Unused variable 'M' (unused-variable)
W:704,21: Unused variable 'gsBest' (unused-variable)
W:702,37: Unused argument 'vb' (unused-argument)
W:702,15: Unused argument 'key' (unused-argument)
W:704,37: Unused variable 'm' (unused-variable)
W:704,28: Unused variable 'fidPairs' (unused-variable)
W:704,39: Unused variable 'M' (unused-variable)
W:712,21: Unused variable 'gsBest' (unused-variable)
W:710,37: Unused argument 'vb' (unused-argument)
W:710,15: Unused argument 'key' (unused-argument)
W:712,37: Unused variable 'm' (unused-variable)
W:712,28: Unused variable 'fidPairs' (unused-variable)
W:712,39: Unused variable 'M' (unused-variable)
W:722,21: Unused variable 'gsBest' (unused-variable)
W:719,15: Unused argument 'key' (unused-argument)
W:722,37: Unused variable 'm' (unused-variable)
W:722,39: Unused variable 'M' (unused-variable)
W:734,21: Unused variable 'gsBest' (unused-variable)
W:731,15: Unused argument 'key' (unused-argument)
W:734,37: Unused variable 'm' (unused-variable)
W:734,39: Unused variable 'M' (unused-variable)
W:746,54: Unused variable 'strs' (unused-variable)
W:744,15: Unused argument 'key' (unused-argument)
W:746,37: Unused variable 'm' (unused-variable)
W:746,28: Unused variable 'fidPairs' (unused-variable)
W:746,39: Unused variable 'M' (unused-variable)
W:756,54: Unused variable 'strs' (unused-variable)
W:754,15: Unused argument 'key' (unused-argument)
W:756,37: Unused variable 'm' (unused-variable)
W:756,28: Unused variable 'fidPairs' (unused-variable)
W:756,39: Unused variable 'M' (unused-variable)
W:767,21: Unused variable 'gsBest' (unused-variable)
W:767,54: Unused variable 'strs' (unused-variable)
W:765,15: Unused argument 'key' (unused-argument)
W:767,37: Unused variable 'm' (unused-variable)
W:767,28: Unused variable 'fidPairs' (unused-variable)
W:767,39: Unused variable 'M' (unused-variable)
W:780,39: Unused variable 'M' (unused-variable)
W:778,37: Unused argument 'vb' (unused-argument)
W:780,37: Unused variable 'm' (unused-variable)
W:808,39: Unused variable 'M' (unused-variable)
W:806,37: Unused argument 'vb' (unused-argument)
W:808,37: Unused variable 'm' (unused-variable)
W:834,37: Unused argument 'vb' (unused-argument)
W:858,37: Unused argument 'vb' (unused-argument)
W:877,37: Unused argument 'vb' (unused-argument)
W:897,37: Unused argument 'vb' (unused-argument)
W:941,15: Unused argument 'key' (unused-argument)
W:985,15: Unused argument 'key' (unused-argument)
W:1024,15: Unused argument 'key' (unused-argument)
W:1024,37: Unused argument 'vb' (unused-argument)
W:1052,37: Unused argument 'vb' (unused-argument)
W:1052,15: Unused argument 'key' (unused-argument)
W:1075,37: Unused argument 'vb' (unused-argument)
W:1075,15: Unused argument 'key' (unused-argument)
W:1115,15: Unused argument 'key' (unused-argument)
W:1115,37: Unused argument 'vb' (unused-argument)
W:1451,27: Unused argument 'directive' (unused-argument)
W:1357,28: Unused argument 'm' (unused-argument)
W:1490, 8: Unused variable 'best_gs' (unused-variable)
W:1357,33: Unused argument 'M' (unused-argument)
W:1745,31: Unused variable 'allGateStrings' (unused-variable)
W:1491, 8: Unused variable 'v' (unused-variable)
W:1934,27: Unused argument 'directive' (unused-argument)
W:1863,43: Unused argument 'M' (unused-argument)
W:1977, 8: Unused variable 'best_gs' (unused-variable)
W:2099, 8: Unused variable 'appendicesTexFilename' (unused-variable)
W:1863,38: Unused argument 'm' (unused-argument)
W:1969,12: Unused variable 'baseStr_dict' (unused-variable)
W:1926, 8: Unused variable 'v' (unused-variable)
W:1971,12: Unused variable 'st' (unused-variable)
W:2223,23: Unused argument 'directive' (unused-argument)
W:2145,30: Unused argument 'm' (unused-argument)
W:2256, 8: Unused variable 'best_gs' (unused-variable)
W:2145,35: Unused argument 'M' (unused-argument)
W:2463,12: Unused variable 'allGateStrings' (unused-variable)
W:2464,12: Unused variable 'hammerWeight' (unused-variable)
W:2368,12: Unused variable 'baseStr_dict' (unused-variable)
W:2220, 8: Unused variable 'v' (unused-variable)
W:2658,24: Unused argument 'directive' (unused-argument)
W:2774,35: Unused argument 'H' (unused-argument)
W:2774,28: Unused argument 'W' (unused-argument)
W:3017,68: Unused argument 'ptSize' (unused-argument)
W:3065,61: Unused argument 'ptSize' (unused-argument)
W:3068,26: Unused argument 'shapes' (unused-argument)
W:2698, 8: Unused variable 'best_gs' (unused-variable)
W:2794,27: Unused variable 'plotFnLatex' (unused-variable)
W:2570,28: Unused argument 'm' (unused-argument)
W:2920, 8: Unused variable 'templateFilename' (unused-variable)
W:2570,33: Unused argument 'M' (unused-argument)
W:2873,31: Unused variable 'allGateStrings' (unused-variable)
W:2832,20: Unused variable 'W' (unused-variable)
W:2931, 8: Unused variable 'SLD_LAYOUT_TITLE_AND_CONTENT' (unused-variable)
W:2833,20: Unused variable 'H' (unused-variable)
W:2874,12: Unused variable 'hammerWeight' (unused-variable)
W:2787,12: Unused variable 'baseStr_dict' (unused-variable)
W:3065, 8: Unused variable 'add_text' (unused-variable)
W:2655, 8: Unused variable 'v' (unused-variable)
W:3253,27: Unused argument 'directive' (unused-argument)
W:3298,12: Unused variable 'whackamoleAppendix' (unused-variable)
W:3470,12: Unused variable 'st' (unused-variable)
W:3292, 8: Unused variable 'best_gs' (unused-variable)
W:3474,27: Unused variable 'plotFnLatex' (unused-variable)
W:3702, 8: Unused variable 'appendicesTexFilename' (unused-variable)
W:3293, 8: Unused variable 'v' (unused-variable)
W:3297,12: Unused variable 'pixelPlotAppendix' (unused-variable)
W:3296,12: Unused variable 'debugAidsAppendix' (unused-variable)
************* Module pygsti.report.generation
W:145,15: Unused variable 'effectLabel' (unused-variable)
W:256,16: Unused variable 'intervalMx' (unused-variable)
W:309,15: Unused variable 'choiEB' (unused-variable)
W:420,40: Unused argument 'confidenceRegionInfo' (unused-argument)
W:536,12: Unused variable 'fUB_EB' (unused-variable)
W:650, 4: Unused variable 'rotnAngles' (unused-variable)
W:659,26: Unused variable 'decompEB_other' (unused-variable)
W:880, 4: Unused variable 'mxBasisDim' (unused-variable)
W:879, 4: Unused variable 'mxBasis' (unused-variable)
W:944, 4: Unused variable 'rank' (unused-variable)
W:1287, 4: Unused variable 'nCols' (unused-variable)
W:1247,44: Unused argument 'confidenceRegionInfo' (unused-argument)
W:1481,49: Unused argument 'comm' (unused-argument)
************* Module pygsti.report.plotting
W:277,33: Unused argument 'dataset' (unused-argument)
W:936,47: Unused argument 'used_yvals' (unused-argument)
W:936,35: Unused argument 'used_xvals' (unused-argument)
W:983,36: Unused argument 'xyGateStringDict' (unused-argument)
W:1551,14: Unused argument 'gateStr' (unused-argument)
W:1640,31: Unused variable 'dof' (unused-variable)
W:1640,23: Unused variable 'n_boxes' (unused-variable)
W:1893, 4: Unused variable 'errvec' (unused-variable)
W:2026, 4: Unused variable 'maxLogL' (unused-variable)
W:2135, 4: Unused variable 'errvec' (unused-variable)
W:2750,13: Unused variable 'ubGateMx' (unused-variable)
W:2754,23: Unused variable 'n_boxes' (unused-variable)
W:2754,31: Unused variable 'dof' (unused-variable)
W:2649,64: Unused argument 'dataset' (unused-argument)
W:2769,73: Unused argument 'minProbClipForWeighting' (unused-argument)
W:3264, 8: Unused variable 'cbar' (unused-variable)
W:3618, 8: Unused variable 'rects' (unused-variable)
************* Module pygsti.report.figure
W: 60, 8: Unused variable 'axes' (unused-variable)
************* Module pygsti.report.ppt
W: 78,18: Unused argument 'brackets' (unused-argument)
W:104,33: Unused argument 'brackets' (unused-argument)
************* Module pygsti.optimize.customcg
W:142, 7: Unused variable 'g4' (unused-variable)
W:142, 4: Unused variable 's4' (unused-variable)
W:187,41: Unused argument 'g3' (unused-argument)
W:187,29: Unused argument 'g1' (unused-argument)
************* Module pygsti.optimize.optimize
W:108,13: Unused variable 'fmin' (unused-variable)
W:451,43: Unused variable 'maxV' (unused-variable)
W:450, 8: Unused variable 'lastBest' (unused-variable)
W:390, 4: Unused variable 'bDoLocalFitnessOpt' (unused-variable)
W:451,30: Unused variable 'minV' (unused-variable)
W:451, 8: Unused variable 'minDistToBest' (unused-variable)
W:337,31: Unused argument 'err_crit' (unused-argument)
************* Module pygsti.drivers.bootstrap
W:311, 4: Unused variable 'gateTimesSPAMMean' (unused-variable)
W:340,32: Unused argument 'axis' (unused-argument)
************* Module pygsti.drivers.longsequence
W:139, 4: Unused variable 'cwd' (unused-variable)
W:197,20: Unused variable 'gaugeMx' (unused-variable)
************* Module pygsti.io.loaders
W: 61,12: Unused variable 'bReadCache' (unused-variable)
W:113,12: Unused variable 'bReadCache' (unused-variable)
************* Module pygsti.io.stdinput
W: 50,30: Unused argument 'loc' (unused-argument)
W: 50,24: Unused argument 'strg' (unused-argument)
W: 52,34: Unused argument 'toks' (unused-argument)
W: 52,29: Unused argument 'loc' (unused-argument)
W: 52,23: Unused argument 'strg' (unused-argument)
W: 54,35: Unused argument 'toks' (unused-argument)
W: 54,30: Unused argument 'loc' (unused-argument)
W: 54,24: Unused argument 'strg' (unused-argument)
W: 68, 8: Unused variable 'real' (unused-variable)
W: 74, 8: Unused variable 'lbrk' (unused-variable)
W: 75, 8: Unused variable 'rbrk' (unused-variable)
W: 61, 8: Unused variable 'lowers' (unused-variable)
W:163,12: Unused variable 'result' (unused-variable)
W:357,37: Unused argument 'i' (unused-argument)
W:357,39: Unused argument 'N' (unused-argument)
W:359,33: Unused argument 'i' (unused-argument)
W:359,35: Unused argument 'N' (unused-argument)
W:497,37: Unused argument 'i' (unused-argument)
W:497,39: Unused argument 'N' (unused-argument)
W:499,33: Unused argument 'i' (unused-argument)
W:499,35: Unused argument 'N' (unused-argument)
W:508,37: Unused variable 'gateStringStr' (unused-variable)
************* Module pygsti.io.writers
W:109, 4: Unused variable 'parser' (unused-variable)
W:156, 4: Unused variable 'parser' (unused-variable)
************* Module pygsti.algorithms.fiducialpairreduction
W:110, 4: Unused variable 'fiducialPairs' (unused-variable)
************* Module pygsti.algorithms.fiducialselection
W: 69, 4: Unused variable 'numRho' (unused-variable)
W:103, 4: Unused variable 'numE' (unused-variable)
W:173, 4: Unused variable 'nFids' (unused-variable)
W:177, 4: Unused variable 'fidLengths' (unused-variable)
W:392, 4: Unused variable 'fidLengths' (unused-variable)
W:566, 4: Unused variable 'final_test' (unused-variable)
W:516,14: Unused variable 'neighborNum' (unused-variable)
************* Module pygsti.algorithms.core
W:263, 8: Unused variable 'AMat_p' (unused-variable)
W:269, 8: Unused variable 'guess_U' (unused-variable)
W:269,24: Unused variable 'guess_V' (unused-variable)
W:410, 8: Unused variable 'V' (unused-variable)
W:410, 4: Unused variable 'U' (unused-variable)
W:660,26: Unused variable 'msg' (unused-variable)
W:660,31: Unused variable 'flag' (unused-variable)
W:660,11: Unused variable 'opt_jac' (unused-variable)
W:547,11: Unused variable 'gateStr' (unused-variable)
W:660,20: Unused variable 'info' (unused-variable)
W:1063,24: Unused argument 'p' (unused-argument)
W:1065,27: Unused argument 'wts' (unused-argument)
W:1065,25: Unused argument 'p' (unused-argument)
W:1232,26: Unused variable 'msg' (unused-variable)
W:1232,31: Unused variable 'flag' (unused-variable)
W:1232,11: Unused variable 'opt_jac' (unused-variable)
W:1232,20: Unused variable 'info' (unused-variable)
W:1774,12: Unused variable 'extraMessages' (unused-variable)
W:2160,11: Unused variable 'opt_jac' (unused-variable)
W:2160,20: Unused variable 'info' (unused-variable)
W:2370,13: Unused variable 'chi2Diff' (unused-variable)
W:2618,12: Unused variable 'minf' (unused-variable)
W:2904,12: Unused variable 'distance' (unused-variable)
W:3253, 4: Unused variable 'I' (unused-variable)
W:3281, 4: Unused variable 'print_obj_func' (unused-variable)
************* Module pygsti.algorithms.germselection
W:407,14: Unused variable 'neighborNum' (unused-variable)
************* Module pygsti.construction.gatestringconstruction
W:272, 4: Unused variable 'ret' (unused-variable)
W:374, 8: Unused variable 'i' (unused-variable)
************* Module pygsti.construction.rpeconstruction
W:342,30: Unused argument 'savePlot' (unused-argument)
************* Module pygsti.construction.gatesetconstruction
W: 22,33: Unused argument 'stateSpaceLabels' (unused-argument)
W: 62, 4: Unused variable 'dmDim' (unused-variable)
W:111, 4: Unused variable 'dmDim' (unused-variable)
W:164,11: Unused variable 'gateDim' (unused-variable)
W:164,20: Unused variable 'blockDims' (unused-variable)
W:621,20: Unused variable 'i' (unused-variable)
W:449, 4: Unused variable 'fullOpDim' (unused-variable)
************* Module pygsti.construction.datasetconstruction
W:108,12: Unused variable 'nOutcomes' (unused-variable)
************* Module pygsti.tools.basistools
W:247, 4: Unused variable 'dmDim' (unused-variable)
W:247,11: Unused variable 'gateDim' (unused-variable)
W:381,15: Unused variable 'gateDim' (unused-variable)
W:628, 4: Unused variable 'dmDim' (unused-variable)
W:832, 4: Unused variable 'dmDim' (unused-variable)
************* Module pygsti.tools.chi2fns
W:282,37: Unused argument 'minProbClipForWeighting' (unused-argument)
W:349,28: Unused argument 'minProbClipForWeighting' (unused-argument)
************* Module pygsti.tools.gatetools
W:478, 4: Unused variable 'aor_eval' (unused-variable)
W:478,21: Unused variable 'aor_eigenvec' (unused-variable)
W:479,42: Unused variable 'ra2_eigenvec' (unused-variable)
W:479, 4: Unused variable 'ra_eval' (unused-variable)
W:477, 4: Unused variable 'fp_eigenvec' (unused-variable)
W:479,21: Unused variable 'ra1_eigenvec' (unused-variable)
************* Module pygsti.tools.likelihoodfns
W:610,60: Unused argument 'totalCntVec' (unused-argument)
W:637, 8: Unused variable 'iTree' (unused-variable)
W:625, 4: Unused variable 'tStart' (unused-variable)
W:678,12: Unused variable 'k' (unused-variable)
************* Module pygsti.tools.jamiolkowski
W:348, 9: Unused variable 'label' (unused-variable)
W:376, 9: Unused variable 'label' (unused-variable)
************* Module pygsti.objects.gateset
W:772,12: Unused variable 'u' (unused-variable)
W:1901,30: Unused argument 'check' (unused-argument)
W:1900,52: Unused argument 'clipTo' (unused-argument)
************* Module pygsti.objects.dataset
W:623,16: Unused variable 'i' (unused-variable)
************* Module pygsti.objects.gate
W:267,16: Unused variable 'd2' (unused-variable)
W:375,31: Unused argument 'wrtFilter' (unused-argument)
W:973, 8: Unused variable 'k' (unused-variable)
************* Module pygsti.objects.gigateset
W: 36,22: Unused argument 'items' (unused-argument)
W: 48,61: Unused argument 'fix' (unused-argument)
W: 68, 8: Unused variable 'gl0' (unused-variable)
W:176,40: Unused argument 'G0' (unused-argument)
W:176,58: Unused argument 'SP0' (unused-argument)
W:176,29: Unused argument 'gates' (unused-argument)
W:176,48: Unused argument 'SPAM' (unused-argument)
W:189,43: Unused argument 'SPAM' (unused-argument)
W:189,35: Unused argument 'G0' (unused-argument)
W:189,53: Unused argument 'SP0' (unused-argument)
W:189,24: Unused argument 'gates' (unused-argument)
W:196,53: Unused argument 'SP0' (unused-argument)
W:196,43: Unused argument 'SPAM' (unused-argument)
W:196,35: Unused argument 'G0' (unused-argument)
W:196,24: Unused argument 'gates' (unused-argument)
W:202,59: Unused argument 'SP0' (unused-argument)
W:202,49: Unused argument 'SPAM' (unused-argument)
W:202,41: Unused argument 'G0' (unused-argument)
W:202,30: Unused argument 'gates' (unused-argument)
W:404, 8: Unused variable 'a' (unused-variable)
W:471, 8: Unused variable 'a' (unused-variable)
W:538, 8: Unused variable 'a' (unused-variable)
W:563, 8: Unused variable 'a' (unused-variable)
W:606, 8: Unused variable 'a1' (unused-variable)
W:683,12: Unused variable 'a2' (unused-variable)
W:833,18: Unused argument 'ETilde' (unused-argument)
W:841, 8: Unused variable 'a' (unused-variable)
W:868, 4: Unused variable 'rowsum' (unused-variable)
W:882, 8: Unused variable 'a1' (unused-variable)
W:884,12: Unused variable 'a2' (unused-variable)
W:1030, 8: Unused variable 'a' (unused-variable)
************* Module pygsti.objects.gscalc
W:1188,26: Unused variable 'iFinal' (unused-variable)
W:1264,31: Unused variable 'derivColOwners' (unused-variable)
W:1217, 8: Unused variable 'nGateStrings' (unused-variable)
W:1317,26: Unused variable 'iFinal' (unused-variable)
W:1235,20: Unused variable 'trees_to_use' (unused-variable)
W:1345, 8: Unused variable 'tStart' (unused-variable)
W:1398,31: Unused variable 'derivColOwners' (unused-variable)
W:1352, 8: Unused variable 'deriv_shape' (unused-variable)
W:1349, 8: Unused variable 'nGateStrings' (unused-variable)
W:1461,26: Unused variable 'iFinal' (unused-variable)
W:1369,20: Unused variable 'trees_to_use' (unused-variable)
W:1424,14: Unused variable 'gateLabel' (unused-variable)
W:1827,31: Unused argument 'spamLabel' (unused-argument)
W:2091,22: Unused variable 'rowIndex' (unused-variable)
************* Module pygsti.objects.evaltree
W: 90, 8: Unused variable 'useCounts' (unused-variable)
W:386,26: Unused variable 'intSize' (unused-variable)
W:527,22: Unused variable 'iFinal' (unused-variable)
W:570,29: Unused variable 'iFinal' (unused-variable)
W:620,30: Unused variable 'iFinal' (unused-variable)
************* Module pygsti.objects.verbosityprinter
W:195,46: Unused argument 'messageLevel' (unused-argument)
************* Module pygsti.objects.multidataset
W:132,20: Unused variable 'dsName' (unused-variable)
W:130,16: Unused variable 'minIndex' (unused-variable)
W:330,12: Unused variable 'key' (unused-variable)
************* Module pygsti.objects.spamvec
W:145,16: Unused variable 'dim' (unused-variable)
************* Module pygsti.objects.labeldicts
W:128,16: Unused variable 'd2' (unused-variable)